// Jest Snapshot v1, https://goo.gl/fbAQLP

exports[`Diagram should render the component 1`] = `
<styled.div
  className="diagram"
/>
`;
