// Jest Snapshot v1, https://goo.gl/fbAQLP

exports[`Title should render the component 1`] = `
<styled.section
  className="title"
>
  <styled.ul
    key="0"
  >
    <li
      className="titleLetter"
      data-red="true"
      key="0"
    >
      <span
        className=""
      >
        y
      </span>
    </li>
    <li
      className="titleLetter"
      data-red="false"
      key="1"
    >
      <span
        className="visible"
      >
        a
      </span>
    </li>
    <li
      className="titleLetter"
      data-red="true"
      key="2"
    >
      <span
        className=""
      >
        y
      </span>
    </li>
    <li>
      Â 
    </li>
  </styled.ul>
</styled.section>
`;
